// Vitest Snapshot v1, https://vitest.dev/guide/snapshot.html

exports[`App > mounts renders properly 1`] = `
"<div class="min-h-screen bg-background text-foreground">
  <nav initial="[object Object]" enter="[object Object]" class="fixed top-0 left-0 right-0 z-50 bg-background/80 backdrop-blur-md border-b border-border">
    <div class="max-w-7xl mx-auto px-4 sm:px-6 lg:px-8">
      <div class="flex justify-between items-center h-16">
        <div class="flex items-center space-x-2 transition-all duration-300 ease-in-out hover:scale-[105%]"><svg xmlns="http://www.w3.org/2000/svg" width="24" height="24" viewBox="0 0 24 24" fill="none" stroke="currentColor" stroke-width="2" stroke-linecap="round" stroke-linejoin="round" class="lucide lucide-code-xml-icon lucide-code-xml h-8 w-8 text-primary">
            <path d="m18 16 4-4-4-4"></path>
            <path d="m6 8-4 4 4 4"></path>
            <path d="m14.5 4-5 16"></path>
          </svg><span class="text-xl font-medium">Ali Barznji</span></div><!-- Desktop Navigation -->
        <div class="hidden md:flex items-center space-x-8"><button class="capitalize hover:text-primary transition-colors text-primary">Home</button><button class="capitalize hover:text-primary transition-colors text-muted-foreground">About</button><button class="capitalize hover:text-primary transition-colors text-muted-foreground">Projects</button><button class="capitalize hover:text-primary transition-colors text-muted-foreground">Experience</button><button class="capitalize hover:text-primary transition-colors text-muted-foreground">Contact</button><button data-slot="button" class="inline-flex items-center justify-center gap-2 whitespace-nowrap rounded-md text-sm font-medium transition-all disabled:pointer-events-none disabled:opacity-50 [&amp;_svg]:pointer-events-none [&amp;_svg:not([class*='size-'])]:size-4 shrink-0 [&amp;_svg]:shrink-0 outline-none focus-visible:border-ring focus-visible:ring-ring/50 focus-visible:ring-[3px] aria-invalid:ring-destructive/20 dark:aria-invalid:ring-destructive/40 aria-invalid:border-destructive hover:bg-accent hover:text-accent-foreground dark:hover:bg-accent/50 size-9 ml-4"><svg xmlns="http://www.w3.org/2000/svg" width="24" height="24" viewBox="0 0 24 24" fill="none" stroke="currentColor" stroke-width="2" stroke-linecap="round" stroke-linejoin="round" class="lucide lucide-sun-icon lucide-sun h-5 w-5">
              <circle cx="12" cy="12" r="4"></circle>
              <path d="M12 2v2"></path>
              <path d="M12 20v2"></path>
              <path d="m4.93 4.93 1.41 1.41"></path>
              <path d="m17.66 17.66 1.41 1.41"></path>
              <path d="M2 12h2"></path>
              <path d="M20 12h2"></path>
              <path d="m6.34 17.66-1.41 1.41"></path>
              <path d="m19.07 4.93-1.41 1.41"></path>
            </svg></button></div><!-- Mobile Menu Button -->
        <div class="md:hidden flex items-center space-x-2"><button data-slot="button" class="inline-flex items-center justify-center gap-2 whitespace-nowrap rounded-md text-sm font-medium transition-all disabled:pointer-events-none disabled:opacity-50 [&amp;_svg]:pointer-events-none [&amp;_svg:not([class*='size-'])]:size-4 shrink-0 [&amp;_svg]:shrink-0 outline-none focus-visible:border-ring focus-visible:ring-ring/50 focus-visible:ring-[3px] aria-invalid:ring-destructive/20 dark:aria-invalid:ring-destructive/40 aria-invalid:border-destructive hover:bg-accent hover:text-accent-foreground dark:hover:bg-accent/50 size-9"><svg xmlns="http://www.w3.org/2000/svg" width="24" height="24" viewBox="0 0 24 24" fill="none" stroke="currentColor" stroke-width="2" stroke-linecap="round" stroke-linejoin="round" class="lucide lucide-sun-icon lucide-sun h-5 w-5">
              <circle cx="12" cy="12" r="4"></circle>
              <path d="M12 2v2"></path>
              <path d="M12 20v2"></path>
              <path d="m4.93 4.93 1.41 1.41"></path>
              <path d="m17.66 17.66 1.41 1.41"></path>
              <path d="M2 12h2"></path>
              <path d="M20 12h2"></path>
              <path d="m6.34 17.66-1.41 1.41"></path>
              <path d="m19.07 4.93-1.41 1.41"></path>
            </svg></button><button data-slot="button" class="inline-flex items-center justify-center gap-2 whitespace-nowrap rounded-md text-sm font-medium transition-all disabled:pointer-events-none disabled:opacity-50 [&amp;_svg]:pointer-events-none [&amp;_svg:not([class*='size-'])]:size-4 shrink-0 [&amp;_svg]:shrink-0 outline-none focus-visible:border-ring focus-visible:ring-ring/50 focus-visible:ring-[3px] aria-invalid:ring-destructive/20 dark:aria-invalid:ring-destructive/40 aria-invalid:border-destructive hover:bg-accent hover:text-accent-foreground dark:hover:bg-accent/50 size-9"><svg xmlns="http://www.w3.org/2000/svg" width="24" height="24" viewBox="0 0 24 24" fill="none" stroke="currentColor" stroke-width="2" stroke-linecap="round" stroke-linejoin="round" class="lucide lucide-menu-icon lucide-menu h-5 w-5">
              <path d="M4 12h16"></path>
              <path d="M4 18h16"></path>
              <path d="M4 6h16"></path>
            </svg></button></div>
      </div><!-- Mobile Menu -->
      <!--v-if-->
    </div>
  </nav>
  <main>
    <router-view></router-view>
  </main>
</div>
<footer class="py-8 px-4 sm:px-6 lg:px-8 border-t border-border">
  <div class="max-w-6xl mx-auto">
    <div data-orientation="horizontal" role="none" data-slot="separator-root" class="bg-border shrink-0 data-[orientation=horizontal]:h-px data-[orientation=horizontal]:w-full data-[orientation=vertical]:h-full data-[orientation=vertical]:w-px mb-8"></div>
    <div class="flex flex-col sm:flex-row justify-between items-center gap-4">
      <div class="flex items-center space-x-2"><svg xmlns="http://www.w3.org/2000/svg" width="24" height="24" viewBox="0 0 24 24" fill="none" stroke="currentColor" stroke-width="2" stroke-linecap="round" stroke-linejoin="round" class="lucide lucide-code-xml-icon lucide-code-xml h-6 w-6 text-primary">
          <path d="m18 16 4-4-4-4"></path>
          <path d="m6 8-4 4 4 4"></path>
          <path d="m14.5 4-5 16"></path>
        </svg><span>Â© 2025 Ali Barznji. All rights reserved.</span></div>
      <div class="flex space-x-4"><a data-slot="button" class="inline-flex items-center justify-center gap-2 whitespace-nowrap rounded-md text-sm font-medium transition-all disabled:pointer-events-none disabled:opacity-50 [&amp;_svg]:pointer-events-none [&amp;_svg:not([class*='size-'])]:size-4 shrink-0 [&amp;_svg]:shrink-0 outline-none focus-visible:border-ring focus-visible:ring-ring/50 focus-visible:ring-[3px] aria-invalid:ring-destructive/20 dark:aria-invalid:ring-destructive/40 aria-invalid:border-destructive hover:bg-accent hover:text-accent-foreground dark:hover:bg-accent/50 size-9" href="github.com/ali559" target="_blank" rel="noopener noreferrer"><svg xmlns="http://www.w3.org/2000/svg" width="24" height="24" viewBox="0 0 24 24" fill="none" stroke="currentColor" stroke-width="2" stroke-linecap="round" stroke-linejoin="round" class="lucide lucide-github-icon lucide-github h-5 w-5">
            <path d="M15 22v-4a4.8 4.8 0 0 0-1-3.5c3 0 6-2 6-5.5.08-1.25-.27-2.48-1-3.5.28-1.15.28-2.35 0-3.5 0 0-1 0-3 1.5-2.64-.5-5.36-.5-8 0C6 2 5 2 5 2c-.3 1.15-.3 2.35 0 3.5A5.403 5.403 0 0 0 4 9c0 3.5 3 5.5 6 5.5-.39.49-.68 1.05-.85 1.65-.17.6-.22 1.23-.15 1.85v4"></path>
            <path d="M9 18c-4.51 2-5-2-7-2"></path>
          </svg></a><a data-slot="button" class="inline-flex items-center justify-center gap-2 whitespace-nowrap rounded-md text-sm font-medium transition-all disabled:pointer-events-none disabled:opacity-50 [&amp;_svg]:pointer-events-none [&amp;_svg:not([class*='size-'])]:size-4 shrink-0 [&amp;_svg]:shrink-0 outline-none focus-visible:border-ring focus-visible:ring-ring/50 focus-visible:ring-[3px] aria-invalid:ring-destructive/20 dark:aria-invalid:ring-destructive/40 aria-invalid:border-destructive hover:bg-accent hover:text-accent-foreground dark:hover:bg-accent/50 size-9" href="linkedin.com/in/ali-barznji-36b664325" target="_blank" rel="noopener noreferrer"><svg xmlns="http://www.w3.org/2000/svg" width="24" height="24" viewBox="0 0 24 24" fill="none" stroke="currentColor" stroke-width="2" stroke-linecap="round" stroke-linejoin="round" class="lucide lucide-linkedin-icon lucide-linkedin h-5 w-5">
            <path d="M16 8a6 6 0 0 1 6 6v7h-4v-7a2 2 0 0 0-2-2 2 2 0 0 0-2 2v7h-4v-7a6 6 0 0 1 6-6z"></path>
            <rect width="4" height="12" x="2" y="9"></rect>
            <circle cx="4" cy="4" r="2"></circle>
          </svg></a><a data-slot="button" class="inline-flex items-center justify-center gap-2 whitespace-nowrap rounded-md text-sm font-medium transition-all disabled:pointer-events-none disabled:opacity-50 [&amp;_svg]:pointer-events-none [&amp;_svg:not([class*='size-'])]:size-4 shrink-0 [&amp;_svg]:shrink-0 outline-none focus-visible:border-ring focus-visible:ring-ring/50 focus-visible:ring-[3px] aria-invalid:ring-destructive/20 dark:aria-invalid:ring-destructive/40 aria-invalid:border-destructive hover:bg-accent hover:text-accent-foreground dark:hover:bg-accent/50 size-9" href="mailto:biz@alibarznji.dev"><svg xmlns="http://www.w3.org/2000/svg" width="24" height="24" viewBox="0 0 24 24" fill="none" stroke="currentColor" stroke-width="2" stroke-linecap="round" stroke-linejoin="round" class="lucide lucide-mail-icon lucide-mail h-5 w-5">
            <path d="m22 7-8.991 5.727a2 2 0 0 1-2.009 0L2 7"></path>
            <rect x="2" y="4" width="20" height="16" rx="2"></rect>
          </svg></a></div>
    </div>
  </div>
</footer>"
`;
